Component: ARM Compiler 5.06 update 6 (build 750) Tool: armlink [4d35ed]

==============================================================================

Section Cross References

    main.o(.text) refers to lcd.o(.text) for lcd_draw_image
    main.o(.text) refers to io_expander.o(.text) for io_expander_write_reg
    main.o(.text) refers to ft6x06.o(.text) for ft6x06_read_x
    main.o(.text) refers to memcpya.o(.text) for __aeabi_memcpy4
    main.o(.text) refers to printf1.o(i.__0printf$1) for __2printf
    main.o(.text) refers to eeprom.o(.text) for eeprom_byte_read
    main.o(.text) refers to main.o(.data) for lfsr
    main.o(.text) refers to images.o(.constdata) for bananaWidthPixels
    main.o(.text) refers to strlen.o(.text) for strlen
    main.o(.text) refers to pc_buffer.o(.text) for pc_buffer_add
    main.o(.text) refers to project_hardware_init.o(.text) for init_hardware
    main.o(.text) refers to serial_debug.o(.bss) for UART0_Rx_Buffer
    project_hardware_init.o(.text) refers to serial_debug.o(.text) for init_serial_debug
    project_hardware_init.o(.text) refers to lcd.o(.text) for lcd_config_gpio
    project_hardware_init.o(.text) refers to ps2.o(.text) for ps2_initialize
    project_hardware_init.o(.text) refers to launchpad_io.o(.text) for lp_io_init
    project_hardware_init.o(.text) refers to ft6x06.o(.text) for ft6x06_init
    project_hardware_init.o(.text) refers to eeprom.o(.text) for eeprom_init
    project_hardware_init.o(.text) refers to io_expander.o(.text) for io_expander_init
    project_hardware_init.o(.text) refers to timers.o(.text) for gp_timer_config_32
    project_interrupts.o(.text) refers to launchpad_io.o(.text) for lp_io_set_pin
    project_interrupts.o(.text) refers to project_interrupts.o(.data) for i
    project_interrupts.o(.text) refers to main.o(.data) for ALERT_APPLE
    io_expander.o(.text) refers to i2c.o(.text) for I2CMasterBusy
    io_expander.o(.text) refers to gpio_port.o(.text) for gpio_enable_port
    pc_buffer.o(.text) refers to malloc.o(i.malloc) for malloc
    accel.o(.text) refers to spi_select.o(.text) for spi_select_init
    accel.o(.text) refers to gpio_port.o(.text) for gpio_enable_port
    accel.o(.text) refers to spi.o(.text) for initialize_spi
    eeprom.o(.text) refers to i2c.o(.text) for i2cVerifyBaseAddr
    eeprom.o(.text) refers to gpio_port.o(.text) for gpio_enable_port
    ft6x06.o(.text) refers to i2c.o(.text) for I2CMasterBusy
    ft6x06.o(.text) refers to gpio_port.o(.text) for gpio_enable_port
    lcd.o(.text) refers to lcd.o(i.lcd_write_data_u16) for lcd_write_data_u16
    lcd.o(.text) refers to gpio_port.o(.text) for gpio_enable_port
    ps2.o(.text) refers to gpio_port.o(.text) for gpio_enable_port
    ps2.o(.text) refers to adc.o(.text) for initialize_adc
    serial_debug.o(.text) refers to gpio_port.o(.text) for gpio_enable_port
    serial_debug.o(.text) refers to pc_buffer.o(.text) for pc_buffer_init
    serial_debug.o(.text) refers to uart.o(.text) for uart_init
    serial_debug.o(.text) refers to main.o(.text) for DisableInterrupts
    serial_debug.o(.text) refers to serial_debug.o(.data) for Rx_Interrupts_Enabled
    serial_debug.o(.text) refers to serial_debug.o(.bss) for UART0_Tx_Buffer
    serial_debug.o(.text) refers to stdout.o(.data) for __stdout
    spi_select.o(.text) refers to gpio_port.o(.text) for gpio_enable_port
    startup_tm4c123.o(RESET) refers to startup_tm4c123.o(STACK) for __initial_sp
    startup_tm4c123.o(RESET) refers to startup_tm4c123.o(.text) for Reset_Handler
    startup_tm4c123.o(RESET) refers to serial_debug.o(.text) for UART0_Handler
    startup_tm4c123.o(RESET) refers to project_interrupts.o(.text) for TIMER1A_Handler
    startup_tm4c123.o(.text) refers to system_tm4c123.o(.text) for SystemInit
    startup_tm4c123.o(.text) refers to entry.o(.ARM.Collect$$$$00000000) for __main
    system_tm4c123.o(.text) refers to system_tm4c123.o(.data) for SystemCoreClock
    entry.o(.ARM.Collect$$$$00000000) refers (Special) to entry10a.o(.ARM.Collect$$$$0000000D) for __rt_final_cpp
    entry.o(.ARM.Collect$$$$00000000) refers (Special) to entry11a.o(.ARM.Collect$$$$0000000F) for __rt_final_exit
    entry.o(.ARM.Collect$$$$00000000) refers (Special) to entry7b.o(.ARM.Collect$$$$00000008) for _main_clock
    entry.o(.ARM.Collect$$$$00000000) refers (Special) to entry8b.o(.ARM.Collect$$$$0000000A) for _main_cpp_init
    entry.o(.ARM.Collect$$$$00000000) refers (Special) to entry9a.o(.ARM.Collect$$$$0000000B) for _main_init
    entry.o(.ARM.Collect$$$$00000000) refers (Special) to entry5.o(.ARM.Collect$$$$00000004) for _main_scatterload
    entry.o(.ARM.Collect$$$$00000000) refers (Special) to entry2.o(.ARM.Collect$$$$00000001) for _main_stk
    printfb.o(i.__0fprintf$bare) refers to printfb.o(i._printf_core) for _printf_core
    printfb.o(i.__0fprintf$bare) refers to serial_debug.o(.text) for fputc
    printfb.o(i.__0printf$bare) refers to printfb.o(i._printf_core) for _printf_core
    printfb.o(i.__0printf$bare) refers to serial_debug.o(.text) for fputc
    printfb.o(i.__0printf$bare) refers to stdout.o(.data) for __stdout
    printfb.o(i.__0snprintf$bare) refers to printfb.o(i._printf_core) for _printf_core
    printfb.o(i.__0snprintf$bare) refers to printfb.o(i._snputc) for _snputc
    printfb.o(i.__0sprintf$bare) refers to printfb.o(i._printf_core) for _printf_core
    printfb.o(i.__0sprintf$bare) refers to printfb.o(i._sputc) for _sputc
    printfb.o(i.__0vfprintf$bare) refers to printfb.o(i._printf_core) for _printf_core
    printfb.o(i.__0vfprintf$bare) refers to serial_debug.o(.text) for fputc
    printfb.o(i.__0vprintf$bare) refers to printfb.o(i._printf_core) for _printf_core
    printfb.o(i.__0vprintf$bare) refers to serial_debug.o(.text) for fputc
    printfb.o(i.__0vprintf$bare) refers to stdout.o(.data) for __stdout
    printfb.o(i.__0vsnprintf$bare) refers to printfb.o(i._printf_core) for _printf_core
    printfb.o(i.__0vsnprintf$bare) refers to printfb.o(i._snputc) for _snputc
    printfb.o(i.__0vsprintf$bare) refers to printfb.o(i._printf_core) for _printf_core
    printfb.o(i.__0vsprintf$bare) refers to printfb.o(i._sputc) for _sputc
    printf0.o(i.__0fprintf$0) refers to printf0.o(i._printf_core) for _printf_core
    printf0.o(i.__0fprintf$0) refers to serial_debug.o(.text) for fputc
    printf0.o(i.__0printf$0) refers to printf0.o(i._printf_core) for _printf_core
    printf0.o(i.__0printf$0) refers to serial_debug.o(.text) for fputc
    printf0.o(i.__0printf$0) refers to stdout.o(.data) for __stdout
    printf0.o(i.__0snprintf$0) refers to printf0.o(i._printf_core) for _printf_core
    printf0.o(i.__0snprintf$0) refers to printf0.o(i._snputc) for _snputc
    printf0.o(i.__0sprintf$0) refers to printf0.o(i._printf_core) for _printf_core
    printf0.o(i.__0sprintf$0) refers to printf0.o(i._sputc) for _sputc
    printf0.o(i.__0vfprintf$0) refers to printf0.o(i._printf_core) for _printf_core
    printf0.o(i.__0vfprintf$0) refers to serial_debug.o(.text) for fputc
    printf0.o(i.__0vprintf$0) refers to printf0.o(i._printf_core) for _printf_core
    printf0.o(i.__0vprintf$0) refers to serial_debug.o(.text) for fputc
    printf0.o(i.__0vprintf$0) refers to stdout.o(.data) for __stdout
    printf0.o(i.__0vsnprintf$0) refers to printf0.o(i._printf_core) for _printf_core
    printf0.o(i.__0vsnprintf$0) refers to printf0.o(i._snputc) for _snputc
    printf0.o(i.__0vsprintf$0) refers to printf0.o(i._printf_core) for _printf_core
    printf0.o(i.__0vsprintf$0) refers to printf0.o(i._sputc) for _sputc
    printf1.o(i.__0fprintf$1) refers to printf1.o(i._printf_core) for _printf_core
    printf1.o(i.__0fprintf$1) refers to serial_debug.o(.text) for fputc
    printf1.o(i.__0printf$1) refers to printf1.o(i._printf_core) for _printf_core
    printf1.o(i.__0printf$1) refers to serial_debug.o(.text) for fputc
    printf1.o(i.__0printf$1) refers to stdout.o(.data) for __stdout
    printf1.o(i.__0snprintf$1) refers to printf1.o(i._printf_core) for _printf_core
    printf1.o(i.__0snprintf$1) refers to printf1.o(i._snputc) for _snputc
    printf1.o(i.__0sprintf$1) refers to printf1.o(i._printf_core) for _printf_core
    printf1.o(i.__0sprintf$1) refers to printf1.o(i._sputc) for _sputc
    printf1.o(i.__0vfprintf$1) refers to printf1.o(i._printf_core) for _printf_core
    printf1.o(i.__0vfprintf$1) refers to serial_debug.o(.text) for fputc
    printf1.o(i.__0vprintf$1) refers to printf1.o(i._printf_core) for _printf_core
    printf1.o(i.__0vprintf$1) refers to serial_debug.o(.text) for fputc
    printf1.o(i.__0vprintf$1) refers to stdout.o(.data) for __stdout
    printf1.o(i.__0vsnprintf$1) refers to printf1.o(i._printf_core) for _printf_core
    printf1.o(i.__0vsnprintf$1) refers to printf1.o(i._snputc) for _snputc
    printf1.o(i.__0vsprintf$1) refers to printf1.o(i._printf_core) for _printf_core
    printf1.o(i.__0vsprintf$1) refers to printf1.o(i._sputc) for _sputc
    printf1.o(i._printf_core) refers to uidiv.o(.text) for __aeabi_uidivmod
    printf2.o(i.__0fprintf$2) refers to printf2.o(i._printf_core) for _printf_core
    printf2.o(i.__0fprintf$2) refers to serial_debug.o(.text) for fputc
    printf2.o(i.__0printf$2) refers to printf2.o(i._printf_core) for _printf_core
    printf2.o(i.__0printf$2) refers to serial_debug.o(.text) for fputc
    printf2.o(i.__0printf$2) refers to stdout.o(.data) for __stdout
    printf2.o(i.__0snprintf$2) refers to printf2.o(i._printf_core) for _printf_core
    printf2.o(i.__0snprintf$2) refers to printf2.o(i._snputc) for _snputc
    printf2.o(i.__0sprintf$2) refers to printf2.o(i._printf_core) for _printf_core
    printf2.o(i.__0sprintf$2) refers to printf2.o(i._sputc) for _sputc
    printf2.o(i.__0vfprintf$2) refers to printf2.o(i._printf_core) for _printf_core
    printf2.o(i.__0vfprintf$2) refers to serial_debug.o(.text) for fputc
    printf2.o(i.__0vprintf$2) refers to printf2.o(i._printf_core) for _printf_core
    printf2.o(i.__0vprintf$2) refers to serial_debug.o(.text) for fputc
    printf2.o(i.__0vprintf$2) refers to stdout.o(.data) for __stdout
    printf2.o(i.__0vsnprintf$2) refers to printf2.o(i._printf_core) for _printf_core
    printf2.o(i.__0vsnprintf$2) refers to printf2.o(i._snputc) for _snputc
    printf2.o(i.__0vsprintf$2) refers to printf2.o(i._printf_core) for _printf_core
    printf2.o(i.__0vsprintf$2) refers to printf2.o(i._sputc) for _sputc
    printf3.o(i.__0fprintf$3) refers to printf3.o(i._printf_core) for _printf_core
    printf3.o(i.__0fprintf$3) refers to serial_debug.o(.text) for fputc
    printf3.o(i.__0printf$3) refers to printf3.o(i._printf_core) for _printf_core
    printf3.o(i.__0printf$3) refers to serial_debug.o(.text) for fputc
    printf3.o(i.__0printf$3) refers to stdout.o(.data) for __stdout
    printf3.o(i.__0snprintf$3) refers to printf3.o(i._printf_core) for _printf_core
    printf3.o(i.__0snprintf$3) refers to printf3.o(i._snputc) for _snputc
    printf3.o(i.__0sprintf$3) refers to printf3.o(i._printf_core) for _printf_core
    printf3.o(i.__0sprintf$3) refers to printf3.o(i._sputc) for _sputc
    printf3.o(i.__0vfprintf$3) refers to printf3.o(i._printf_core) for _printf_core
    printf3.o(i.__0vfprintf$3) refers to serial_debug.o(.text) for fputc
    printf3.o(i.__0vprintf$3) refers to printf3.o(i._printf_core) for _printf_core
    printf3.o(i.__0vprintf$3) refers to serial_debug.o(.text) for fputc
    printf3.o(i.__0vprintf$3) refers to stdout.o(.data) for __stdout
    printf3.o(i.__0vsnprintf$3) refers to printf3.o(i._printf_core) for _printf_core
    printf3.o(i.__0vsnprintf$3) refers to printf3.o(i._snputc) for _snputc
    printf3.o(i.__0vsprintf$3) refers to printf3.o(i._printf_core) for _printf_core
    printf3.o(i.__0vsprintf$3) refers to printf3.o(i._sputc) for _sputc
    printf3.o(i._printf_core) refers to uidiv.o(.text) for __aeabi_uidivmod
    printf4.o(i.__0fprintf$4) refers to printf4.o(i._printf_core) for _printf_core
    printf4.o(i.__0fprintf$4) refers to serial_debug.o(.text) for fputc
    printf4.o(i.__0printf$4) refers to printf4.o(i._printf_core) for _printf_core
    printf4.o(i.__0printf$4) refers to serial_debug.o(.text) for fputc
    printf4.o(i.__0printf$4) refers to stdout.o(.data) for __stdout
    printf4.o(i.__0snprintf$4) refers to printf4.o(i._printf_core) for _printf_core
    printf4.o(i.__0snprintf$4) refers to printf4.o(i._snputc) for _snputc
    printf4.o(i.__0sprintf$4) refers to printf4.o(i._printf_core) for _printf_core
    printf4.o(i.__0sprintf$4) refers to printf4.o(i._sputc) for _sputc
    printf4.o(i.__0vfprintf$4) refers to printf4.o(i._printf_core) for _printf_core
    printf4.o(i.__0vfprintf$4) refers to serial_debug.o(.text) for fputc
    printf4.o(i.__0vprintf$4) refers to printf4.o(i._printf_core) for _printf_core
    printf4.o(i.__0vprintf$4) refers to serial_debug.o(.text) for fputc
    printf4.o(i.__0vprintf$4) refers to stdout.o(.data) for __stdout
    printf4.o(i.__0vsnprintf$4) refers to printf4.o(i._printf_core) for _printf_core
    printf4.o(i.__0vsnprintf$4) refers to printf4.o(i._snputc) for _snputc
    printf4.o(i.__0vsprintf$4) refers to printf4.o(i._printf_core) for _printf_core
    printf4.o(i.__0vsprintf$4) refers to printf4.o(i._sputc) for _sputc
    printf4.o(i._printf_core) refers to uldiv.o(.text) for __aeabi_uldivmod
    printf5.o(i.__0fprintf$5) refers to printf5.o(i._printf_core) for _printf_core
    printf5.o(i.__0fprintf$5) refers to serial_debug.o(.text) for fputc
    printf5.o(i.__0printf$5) refers to printf5.o(i._printf_core) for _printf_core
    printf5.o(i.__0printf$5) refers to serial_debug.o(.text) for fputc
    printf5.o(i.__0printf$5) refers to stdout.o(.data) for __stdout
    printf5.o(i.__0snprintf$5) refers to printf5.o(i._printf_core) for _printf_core
    printf5.o(i.__0snprintf$5) refers to printf5.o(i._snputc) for _snputc
    printf5.o(i.__0sprintf$5) refers to printf5.o(i._printf_core) for _printf_core
    printf5.o(i.__0sprintf$5) refers to printf5.o(i._sputc) for _sputc
    printf5.o(i.__0vfprintf$5) refers to printf5.o(i._printf_core) for _printf_core
    printf5.o(i.__0vfprintf$5) refers to serial_debug.o(.text) for fputc
    printf5.o(i.__0vprintf$5) refers to printf5.o(i._printf_core) for _printf_core
    printf5.o(i.__0vprintf$5) refers to serial_debug.o(.text) for fputc
    printf5.o(i.__0vprintf$5) refers to stdout.o(.data) for __stdout
    printf5.o(i.__0vsnprintf$5) refers to printf5.o(i._printf_core) for _printf_core
    printf5.o(i.__0vsnprintf$5) refers to printf5.o(i._snputc) for _snputc
    printf5.o(i.__0vsprintf$5) refers to printf5.o(i._printf_core) for _printf_core
    printf5.o(i.__0vsprintf$5) refers to printf5.o(i._sputc) for _sputc
    printf5.o(i._printf_core) refers to uldiv.o(.text) for __aeabi_uldivmod
    printf6.o(i.__0fprintf$6) refers to printf6.o(i._printf_core) for _printf_core
    printf6.o(i.__0fprintf$6) refers to serial_debug.o(.text) for fputc
    printf6.o(i.__0printf$6) refers to printf6.o(i._printf_core) for _printf_core
    printf6.o(i.__0printf$6) refers to serial_debug.o(.text) for fputc
    printf6.o(i.__0printf$6) refers to stdout.o(.data) for __stdout
    printf6.o(i.__0snprintf$6) refers to printf6.o(i._printf_core) for _printf_core
    printf6.o(i.__0snprintf$6) refers to printf6.o(i._snputc) for _snputc
    printf6.o(i.__0sprintf$6) refers to printf6.o(i._printf_core) for _printf_core
    printf6.o(i.__0sprintf$6) refers to printf6.o(i._sputc) for _sputc
    printf6.o(i.__0vfprintf$6) refers to printf6.o(i._printf_core) for _printf_core
    printf6.o(i.__0vfprintf$6) refers to serial_debug.o(.text) for fputc
    printf6.o(i.__0vprintf$6) refers to printf6.o(i._printf_core) for _printf_core
    printf6.o(i.__0vprintf$6) refers to serial_debug.o(.text) for fputc
    printf6.o(i.__0vprintf$6) refers to stdout.o(.data) for __stdout
    printf6.o(i.__0vsnprintf$6) refers to printf6.o(i._printf_core) for _printf_core
    printf6.o(i.__0vsnprintf$6) refers to printf6.o(i._snputc) for _snputc
    printf6.o(i.__0vsprintf$6) refers to printf6.o(i._printf_core) for _printf_core
    printf6.o(i.__0vsprintf$6) refers to printf6.o(i._sputc) for _sputc
    printf6.o(i._printf_core) refers to printf6.o(i._printf_pre_padding) for _printf_pre_padding
    printf6.o(i._printf_core) refers to uidiv.o(.text) for __aeabi_uidivmod
    printf6.o(i._printf_core) refers to printf6.o(i._printf_post_padding) for _printf_post_padding
    printf7.o(i.__0fprintf$7) refers to printf7.o(i._printf_core) for _printf_core
    printf7.o(i.__0fprintf$7) refers to serial_debug.o(.text) for fputc
    printf7.o(i.__0printf$7) refers to printf7.o(i._printf_core) for _printf_core
    printf7.o(i.__0printf$7) refers to serial_debug.o(.text) for fputc
    printf7.o(i.__0printf$7) refers to stdout.o(.data) for __stdout
    printf7.o(i.__0snprintf$7) refers to printf7.o(i._printf_core) for _printf_core
    printf7.o(i.__0snprintf$7) refers to printf7.o(i._snputc) for _snputc
    printf7.o(i.__0sprintf$7) refers to printf7.o(i._printf_core) for _printf_core
    printf7.o(i.__0sprintf$7) refers to printf7.o(i._sputc) for _sputc
    printf7.o(i.__0vfprintf$7) refers to printf7.o(i._printf_core) for _printf_core
    printf7.o(i.__0vfprintf$7) refers to serial_debug.o(.text) for fputc
    printf7.o(i.__0vprintf$7) refers to printf7.o(i._printf_core) for _printf_core
    printf7.o(i.__0vprintf$7) refers to serial_debug.o(.text) for fputc
    printf7.o(i.__0vprintf$7) refers to stdout.o(.data) for __stdout
    printf7.o(i.__0vsnprintf$7) refers to printf7.o(i._printf_core) for _printf_core
    printf7.o(i.__0vsnprintf$7) refers to printf7.o(i._snputc) for _snputc
    printf7.o(i.__0vsprintf$7) refers to printf7.o(i._printf_core) for _printf_core
    printf7.o(i.__0vsprintf$7) refers to printf7.o(i._sputc) for _sputc
    printf7.o(i._printf_core) refers to printf7.o(i._printf_pre_padding) for _printf_pre_padding
    printf7.o(i._printf_core) refers to uldiv.o(.text) for __aeabi_uldivmod
    printf7.o(i._printf_core) refers to printf7.o(i._printf_post_padding) for _printf_post_padding
    printf8.o(i.__0fprintf$8) refers to printf8.o(i._printf_core) for _printf_core
    printf8.o(i.__0fprintf$8) refers to serial_debug.o(.text) for fputc
    printf8.o(i.__0printf$8) refers to printf8.o(i._printf_core) for _printf_core
    printf8.o(i.__0printf$8) refers to serial_debug.o(.text) for fputc
    printf8.o(i.__0printf$8) refers to stdout.o(.data) for __stdout
    printf8.o(i.__0snprintf$8) refers to printf8.o(i._printf_core) for _printf_core
    printf8.o(i.__0snprintf$8) refers to printf8.o(i._snputc) for _snputc
    printf8.o(i.__0sprintf$8) refers to printf8.o(i._printf_core) for _printf_core
    printf8.o(i.__0sprintf$8) refers to printf8.o(i._sputc) for _sputc
    printf8.o(i.__0vfprintf$8) refers to printf8.o(i._printf_core) for _printf_core
    printf8.o(i.__0vfprintf$8) refers to serial_debug.o(.text) for fputc
    printf8.o(i.__0vprintf$8) refers to printf8.o(i._printf_core) for _printf_core
    printf8.o(i.__0vprintf$8) refers to serial_debug.o(.text) for fputc
    printf8.o(i.__0vprintf$8) refers to stdout.o(.data) for __stdout
    printf8.o(i.__0vsnprintf$8) refers to printf8.o(i._printf_core) for _printf_core
    printf8.o(i.__0vsnprintf$8) refers to printf8.o(i._snputc) for _snputc
    printf8.o(i.__0vsprintf$8) refers to printf8.o(i._printf_core) for _printf_core
    printf8.o(i.__0vsprintf$8) refers to printf8.o(i._sputc) for _sputc
    printf8.o(i._printf_core) refers to printf8.o(i._printf_pre_padding) for _printf_pre_padding
    printf8.o(i._printf_core) refers to uldiv.o(.text) for __aeabi_uldivmod
    printf8.o(i._printf_core) refers to printf8.o(i._printf_post_padding) for _printf_post_padding
    printfa.o(i.__0fprintf) refers (Special) to iusefp.o(.text) for __I$use$fp
    printfa.o(i.__0fprintf) refers to printfa.o(i._printf_core) for _printf_core
    printfa.o(i.__0fprintf) refers to serial_debug.o(.text) for fputc
    printfa.o(i.__0printf) refers (Special) to iusefp.o(.text) for __I$use$fp
    printfa.o(i.__0printf) refers to printfa.o(i._printf_core) for _printf_core
    printfa.o(i.__0printf) refers to serial_debug.o(.text) for fputc
    printfa.o(i.__0printf) refers to stdout.o(.data) for __stdout
    printfa.o(i.__0snprintf) refers (Special) to iusefp.o(.text) for __I$use$fp
    printfa.o(i.__0snprintf) refers to printfa.o(i._printf_core) for _printf_core
    printfa.o(i.__0snprintf) refers to printfa.o(i._snputc) for _snputc
    printfa.o(i.__0sprintf) refers (Special) to iusefp.o(.text) for __I$use$fp
    printfa.o(i.__0sprintf) refers to printfa.o(i._printf_core) for _printf_core
    printfa.o(i.__0sprintf) refers to printfa.o(i._sputc) for _sputc
    printfa.o(i.__0vfprintf) refers (Special) to iusefp.o(.text) for __I$use$fp
    printfa.o(i.__0vfprintf) refers to printfa.o(i._printf_core) for _printf_core
    printfa.o(i.__0vfprintf) refers to serial_debug.o(.text) for fputc
    printfa.o(i.__0vprintf) refers (Special) to iusefp.o(.text) for __I$use$fp
    printfa.o(i.__0vprintf) refers to printfa.o(i._printf_core) for _printf_core
    printfa.o(i.__0vprintf) refers to serial_debug.o(.text) for fputc
    printfa.o(i.__0vprintf) refers to stdout.o(.data) for __stdout
    printfa.o(i.__0vsnprintf) refers (Special) to iusefp.o(.text) for __I$use$fp
    printfa.o(i.__0vsnprintf) refers to printfa.o(i._printf_core) for _printf_core
    printfa.o(i.__0vsnprintf) refers to printfa.o(i._snputc) for _snputc
    printfa.o(i.__0vsprintf) refers (Special) to iusefp.o(.text) for __I$use$fp
    printfa.o(i.__0vsprintf) refers to printfa.o(i._printf_core) for _printf_core
    printfa.o(i.__0vsprintf) refers to printfa.o(i._sputc) for _sputc
    printfa.o(i._fp_digits) refers (Special) to iusefp.o(.text) for __I$use$fp
    printfa.o(i._fp_digits) refers to dmul.o(.text) for __aeabi_dmul
    printfa.o(i._fp_digits) refers to ddiv.o(.text) for __aeabi_ddiv
    printfa.o(i._fp_digits) refers to cdrcmple.o(.text) for __aeabi_cdrcmple
    printfa.o(i._fp_digits) refers to dadd.o(.text) for __aeabi_dadd
    printfa.o(i._fp_digits) refers to dfixul.o(.text) for __aeabi_d2ulz
    printfa.o(i._fp_digits) refers to uldiv.o(.text) for __aeabi_uldivmod
    printfa.o(i._printf_core) refers (Special) to iusefp.o(.text) for __I$use$fp
    printfa.o(i._printf_core) refers to printfa.o(i._printf_pre_padding) for _printf_pre_padding
    printfa.o(i._printf_core) refers to uldiv.o(.text) for __aeabi_uldivmod
    printfa.o(i._printf_core) refers to printfa.o(i._printf_post_padding) for _printf_post_padding
    printfa.o(i._printf_core) refers to printfa.o(i._fp_digits) for _fp_digits
    printfa.o(i._printf_core) refers to uidiv.o(.text) for __aeabi_uidivmod
    printfa.o(i._printf_post_padding) refers (Special) to iusefp.o(.text) for __I$use$fp
    printfa.o(i._printf_pre_padding) refers (Special) to iusefp.o(.text) for __I$use$fp
    printfa.o(i._snputc) refers (Special) to iusefp.o(.text) for __I$use$fp
    printfa.o(i._sputc) refers (Special) to iusefp.o(.text) for __I$use$fp
    malloc.o(i.free) refers to mvars.o(.data) for __microlib_freelist
    malloc.o(i.malloc) refers to mvars.o(.data) for __microlib_freelist_initialised
    malloc.o(i.malloc) refers to mvars.o(.data) for __microlib_freelist
    malloc.o(i.malloc) refers to startup_tm4c123.o(HEAP) for __heap_base
    mallocr.o(i.__free$realloc) refers to mvars.o(.data) for __microlib_freelist
    mallocr.o(i.__malloc$realloc) refers to mallocr.o(i.internal_alloc) for internal_alloc
    mallocr.o(i.__malloc$realloc) refers to mvars.o(.data) for __microlib_freelist_initialised
    mallocr.o(i.__malloc$realloc) refers to startup_tm4c123.o(HEAP) for __heap_base
    mallocr.o(i.__malloc$realloc) refers to mvars.o(.data) for __microlib_freelist
    mallocr.o(i.internal_alloc) refers to memcpya.o(.text) for __aeabi_memcpy
    mallocr.o(i.internal_alloc) refers to mvars.o(.data) for __microlib_freelist
    mallocr.o(i.realloc) refers to mallocr.o(i.__free$realloc) for __free$realloc
    mallocr.o(i.realloc) refers to mallocr.o(i.internal_alloc) for internal_alloc
    mallocr.o(i.realloc) refers to mallocr.o(i.__malloc$realloc) for __malloc$realloc
    mallocr.o(i.realloc) refers to mvars.o(.data) for __microlib_freelist
    malloca.o(i.__aligned_malloc) refers to mvars.o(.data) for __microlib_freelist_initialised
    malloca.o(i.__aligned_malloc) refers to mvars.o(.data) for __microlib_freelist
    malloca.o(i.__aligned_malloc) refers to startup_tm4c123.o(HEAP) for __heap_base
    malloca.o(i.__free$memalign) refers to mvars.o(.data) for __microlib_freelist
    malloca.o(i.__malloc$memalign) refers to malloca.o(i.__aligned_malloc) for __aligned_malloc
    mallocra.o(i.__aligned_malloc$realloc) refers to mallocra.o(i.internal_alloc) for internal_alloc
    mallocra.o(i.__aligned_malloc$realloc) refers to mvars.o(.data) for __microlib_freelist_initialised
    mallocra.o(i.__aligned_malloc$realloc) refers to startup_tm4c123.o(HEAP) for __heap_base
    mallocra.o(i.__aligned_malloc$realloc) refers to mvars.o(.data) for __microlib_freelist
    mallocra.o(i.__free$realloc$memalign) refers to mvars.o(.data) for __microlib_freelist
    mallocra.o(i.__malloc$realloc$memalign) refers to mallocra.o(i.__aligned_malloc$realloc) for __aligned_malloc$realloc
    mallocra.o(i.__realloc$memalign) refers to mallocra.o(i.__free$realloc$memalign) for __free$realloc$memalign
    mallocra.o(i.__realloc$memalign) refers to mallocra.o(i.internal_alloc) for internal_alloc
    mallocra.o(i.__realloc$memalign) refers to mallocra.o(i.__malloc$realloc$memalign) for __malloc$realloc$memalign
    mallocra.o(i.__realloc$memalign) refers to mvars.o(.data) for __microlib_freelist
    mallocra.o(i.internal_alloc) refers to memcpya.o(.text) for __aeabi_memcpy
    mallocra.o(i.internal_alloc) refers to mvars.o(.data) for __microlib_freelist
    entry2.o(.ARM.Collect$$$$00000001) refers to entry2.o(.ARM.Collect$$$$00002712) for __lit__00000000
    entry2.o(.ARM.Collect$$$$00002712) refers to startup_tm4c123.o(STACK) for __initial_sp
    entry2.o(__vectab_stack_and_reset_area) refers to startup_tm4c123.o(STACK) for __initial_sp
    entry2.o(__vectab_stack_and_reset_area) refers to entry.o(.ARM.Collect$$$$00000000) for __main
    entry5.o(.ARM.Collect$$$$00000004) refers to init.o(.text) for __scatterload
    entry9a.o(.ARM.Collect$$$$0000000B) refers to main.o(.text) for main
    entry9b.o(.ARM.Collect$$$$0000000C) refers to main.o(.text) for main
    uldiv.o(.text) refers to llushr.o(.text) for __aeabi_llsr
    uldiv.o(.text) refers to llshl.o(.text) for __aeabi_llsl
    dadd.o(.text) refers to llshl.o(.text) for __aeabi_llsl
    dadd.o(.text) refers to llsshr.o(.text) for __aeabi_lasr
    dadd.o(.text) refers to depilogue.o(.text) for _double_epilogue
    dmul.o(.text) refers to depilogue.o(.text) for _double_epilogue
    ddiv.o(.text) refers to depilogue.o(.text) for _double_round
    dfixul.o(.text) refers to llushr.o(.text) for __aeabi_llsr
    dfixul.o(.text) refers to llshl.o(.text) for __aeabi_llsl
    init.o(.text) refers to entry5.o(.ARM.Collect$$$$00000004) for __main_after_scatterload
    depilogue.o(.text) refers to llshl.o(.text) for __aeabi_llsl
    depilogue.o(.text) refers to llushr.o(.text) for __aeabi_llsr


==============================================================================

Removing Unused input sections from the image.

    Removing main.o(.rev16_text), (4 bytes).
    Removing main.o(.revsh_text), (4 bytes).
    Removing main.o(.rrx_text), (6 bytes).
    Removing project_hardware_init.o(.rev16_text), (4 bytes).
    Removing project_hardware_init.o(.revsh_text), (4 bytes).
    Removing project_hardware_init.o(.rrx_text), (6 bytes).
    Removing project_interrupts.o(.rev16_text), (4 bytes).
    Removing project_interrupts.o(.revsh_text), (4 bytes).
    Removing project_interrupts.o(.rrx_text), (6 bytes).
    Removing images.o(.rev16_text), (4 bytes).
    Removing images.o(.revsh_text), (4 bytes).
    Removing images.o(.rrx_text), (6 bytes).
    Removing io_expander.o(.rev16_text), (4 bytes).
    Removing io_expander.o(.revsh_text), (4 bytes).
    Removing io_expander.o(.rrx_text), (6 bytes).
    Removing adc.o(.rev16_text), (4 bytes).
    Removing adc.o(.revsh_text), (4 bytes).
    Removing adc.o(.rrx_text), (6 bytes).
    Removing gpio_port.o(.rev16_text), (4 bytes).
    Removing gpio_port.o(.revsh_text), (4 bytes).
    Removing gpio_port.o(.rrx_text), (6 bytes).
    Removing i2c.o(.rev16_text), (4 bytes).
    Removing i2c.o(.revsh_text), (4 bytes).
    Removing i2c.o(.rrx_text), (6 bytes).
    Removing spi.o(.rev16_text), (4 bytes).
    Removing spi.o(.revsh_text), (4 bytes).
    Removing spi.o(.rrx_text), (6 bytes).
    Removing spi.o(.text), (352 bytes).
    Removing timers.o(.rev16_text), (4 bytes).
    Removing timers.o(.revsh_text), (4 bytes).
    Removing timers.o(.rrx_text), (6 bytes).
    Removing uart.o(.rev16_text), (4 bytes).
    Removing uart.o(.revsh_text), (4 bytes).
    Removing uart.o(.rrx_text), (6 bytes).
    Removing gptimer.o(.rev16_text), (4 bytes).
    Removing gptimer.o(.revsh_text), (4 bytes).
    Removing gptimer.o(.rrx_text), (6 bytes).
    Removing gptimer.o(.text), (892 bytes).
    Removing accel.o(.rev16_text), (4 bytes).
    Removing accel.o(.revsh_text), (4 bytes).
    Removing accel.o(.rrx_text), (6 bytes).
    Removing accel.o(.text), (224 bytes).
    Removing eeprom.o(.rev16_text), (4 bytes).
    Removing eeprom.o(.revsh_text), (4 bytes).
    Removing eeprom.o(.rrx_text), (6 bytes).
    Removing ft6x06.o(.rev16_text), (4 bytes).
    Removing ft6x06.o(.revsh_text), (4 bytes).
    Removing ft6x06.o(.rrx_text), (6 bytes).
    Removing launchpad_io.o(.rev16_text), (4 bytes).
    Removing launchpad_io.o(.revsh_text), (4 bytes).
    Removing launchpad_io.o(.rrx_text), (6 bytes).
    Removing lcd.o(.rev16_text), (4 bytes).
    Removing lcd.o(.revsh_text), (4 bytes).
    Removing lcd.o(.rrx_text), (6 bytes).
    Removing ps2.o(.rev16_text), (4 bytes).
    Removing ps2.o(.revsh_text), (4 bytes).
    Removing ps2.o(.rrx_text), (6 bytes).
    Removing serial_debug.o(.rev16_text), (4 bytes).
    Removing serial_debug.o(.revsh_text), (4 bytes).
    Removing serial_debug.o(.rrx_text), (6 bytes).
    Removing spi_select.o(.rev16_text), (4 bytes).
    Removing spi_select.o(.revsh_text), (4 bytes).
    Removing spi_select.o(.rrx_text), (6 bytes).
    Removing spi_select.o(.text), (164 bytes).
    Removing ws2812b.o(FLASH), (160 bytes).
    Removing system_tm4c123.o(.rev16_text), (4 bytes).
    Removing system_tm4c123.o(.revsh_text), (4 bytes).
    Removing system_tm4c123.o(.rrx_text), (6 bytes).
    Removing dadd.o(.text), (334 bytes).
    Removing dmul.o(.text), (228 bytes).
    Removing ddiv.o(.text), (222 bytes).
    Removing dfixul.o(.text), (48 bytes).
    Removing cdrcmple.o(.text), (48 bytes).
    Removing depilogue.o(.text), (186 bytes).

74 unused section(s) (total 3152 bytes) removed from the image.

==============================================================================

Image Symbol Table

    Local Symbols

    Symbol Name                              Value     Ov Type        Size  Object(Section)

    RESET                                    0x00000000   Section      620  startup_tm4c123.o(RESET)
    ../clib/microlib/division.c              0x00000000   Number         0  uldiv.o ABSOLUTE
    ../clib/microlib/division.c              0x00000000   Number         0  uidiv.o ABSOLUTE
    ../clib/microlib/init/entry.s            0x00000000   Number         0  entry9b.o ABSOLUTE
    ../clib/microlib/init/entry.s            0x00000000   Number         0  entry2.o ABSOLUTE
    ../clib/microlib/init/entry.s            0x00000000   Number         0  entry5.o ABSOLUTE
    ../clib/microlib/init/entry.s            0x00000000   Number         0  entry9a.o ABSOLUTE
    ../clib/microlib/init/entry.s            0x00000000   Number         0  entry8b.o ABSOLUTE
    ../clib/microlib/init/entry.s            0x00000000   Number         0  entry7a.o ABSOLUTE
    ../clib/microlib/init/entry.s            0x00000000   Number         0  entry.o ABSOLUTE
    ../clib/microlib/init/entry.s            0x00000000   Number         0  entry11b.o ABSOLUTE
    ../clib/microlib/init/entry.s            0x00000000   Number         0  entry8a.o ABSOLUTE
    ../clib/microlib/init/entry.s            0x00000000   Number         0  entry7b.o ABSOLUTE
    ../clib/microlib/init/entry.s            0x00000000   Number         0  entry11a.o ABSOLUTE
    ../clib/microlib/init/entry.s            0x00000000   Number         0  entry10b.o ABSOLUTE
    ../clib/microlib/init/entry.s            0x00000000   Number         0  entry10a.o ABSOLUTE
    ../clib/microlib/longlong.c              0x00000000   Number         0  llushr.o ABSOLUTE
    ../clib/microlib/longlong.c              0x00000000   Number         0  llshl.o ABSOLUTE
    ../clib/microlib/longlong.c              0x00000000   Number         0  llsshr.o ABSOLUTE
    ../clib/microlib/malloc/malloc.c         0x00000000   Number         0  malloc.o ABSOLUTE
    ../clib/microlib/malloc/malloc.c         0x00000000   Number         0  mallocr.o ABSOLUTE
    ../clib/microlib/malloc/malloc.c         0x00000000   Number         0  malloca.o ABSOLUTE
    ../clib/microlib/malloc/malloc.c         0x00000000   Number         0  mallocra.o ABSOLUTE
    ../clib/microlib/malloc/mvars.c          0x00000000   Number         0  mvars.o ABSOLUTE
    ../clib/microlib/printf/printf.c         0x00000000   Number         0  printf8.o ABSOLUTE
    ../clib/microlib/printf/printf.c         0x00000000   Number         0  printf7.o ABSOLUTE
    ../clib/microlib/printf/printf.c         0x00000000   Number         0  printf6.o ABSOLUTE
    ../clib/microlib/printf/printf.c         0x00000000   Number         0  printf5.o ABSOLUTE
    ../clib/microlib/printf/printf.c         0x00000000   Number         0  printf4.o ABSOLUTE
    ../clib/microlib/printf/printf.c         0x00000000   Number         0  printf3.o ABSOLUTE
    ../clib/microlib/printf/printf.c         0x00000000   Number         0  printfb.o ABSOLUTE
    ../clib/microlib/printf/printf.c         0x00000000   Number         0  printf1.o ABSOLUTE
    ../clib/microlib/printf/printf.c         0x00000000   Number         0  printf2.o ABSOLUTE
    ../clib/microlib/printf/printf.c         0x00000000   Number         0  printfa.o ABSOLUTE
    ../clib/microlib/printf/printf.c         0x00000000   Number         0  printf0.o ABSOLUTE
    ../clib/microlib/printf/stubs.s          0x00000000   Number         0  stubs.o ABSOLUTE
    ../clib/microlib/stdio/streams.c         0x00000000   Number         0  stdout.o ABSOLUTE
    ../clib/microlib/string/memcpy.c         0x00000000   Number         0  memcpya.o ABSOLUTE
    ../clib/microlib/string/memcpy.c         0x00000000   Number         0  memcpyb.o ABSOLUTE
    ../clib/microlib/string/strlen.c         0x00000000   Number         0  strlen.o ABSOLUTE
    ../clib/microlib/stubs.s                 0x00000000   Number         0  iusefp.o ABSOLUTE
    ../fplib/microlib/fpadd.c                0x00000000   Number         0  dadd.o ABSOLUTE
    ../fplib/microlib/fpdiv.c                0x00000000   Number         0  ddiv.o ABSOLUTE
    ../fplib/microlib/fpepilogue.c           0x00000000   Number         0  depilogue.o ABSOLUTE
    ../fplib/microlib/fpfix.c                0x00000000   Number         0  dfixul.o ABSOLUTE
    ../fplib/microlib/fpmul.c                0x00000000   Number         0  dmul.o ABSOLUTE
    ..\\drivers\\c\\adc.c                    0x00000000   Number         0  adc.o ABSOLUTE
    ..\\drivers\\c\\gpio_port.c              0x00000000   Number         0  gpio_port.o ABSOLUTE
    ..\\drivers\\c\\gptimer.c                0x00000000   Number         0  gptimer.o ABSOLUTE
    ..\\drivers\\c\\i2c.c                    0x00000000   Number         0  i2c.o ABSOLUTE
    ..\\drivers\\c\\spi.c                    0x00000000   Number         0  spi.o ABSOLUTE
    ..\\drivers\\c\\timers.c                 0x00000000   Number         0  timers.o ABSOLUTE
    ..\\drivers\\c\\uart.c                   0x00000000   Number         0  uart.o ABSOLUTE
    ..\\peripherals\\c\\accel.c              0x00000000   Number         0  accel.o ABSOLUTE
    ..\\peripherals\\c\\eeprom.c             0x00000000   Number         0  eeprom.o ABSOLUTE
    ..\\peripherals\\c\\ft6x06.c             0x00000000   Number         0  ft6x06.o ABSOLUTE
    ..\\peripherals\\c\\launchpad_io.c       0x00000000   Number         0  launchpad_io.o ABSOLUTE
    ..\\peripherals\\c\\lcd.c                0x00000000   Number         0  lcd.o ABSOLUTE
    ..\\peripherals\\c\\ps2.c                0x00000000   Number         0  ps2.o ABSOLUTE
    ..\\peripherals\\c\\serial_debug.c       0x00000000   Number         0  serial_debug.o ABSOLUTE
    ..\\peripherals\\c\\spi_select.c         0x00000000   Number         0  spi_select.o ABSOLUTE
    ..\drivers\c\adc.c                       0x00000000   Number         0  adc.o ABSOLUTE
    ..\drivers\c\gpio_port.c                 0x00000000   Number         0  gpio_port.o ABSOLUTE
    ..\drivers\c\gptimer.c                   0x00000000   Number         0  gptimer.o ABSOLUTE
    ..\drivers\c\i2c.c                       0x00000000   Number         0  i2c.o ABSOLUTE
    ..\drivers\c\pc_buffer.c                 0x00000000   Number         0  pc_buffer.o ABSOLUTE
    ..\drivers\c\spi.c                       0x00000000   Number         0  spi.o ABSOLUTE
    ..\drivers\c\timers.c                    0x00000000   Number         0  timers.o ABSOLUTE
    ..\drivers\c\uart.c                      0x00000000   Number         0  uart.o ABSOLUTE
    ..\peripherals\c\accel.c                 0x00000000   Number         0  accel.o ABSOLUTE
    ..\peripherals\c\eeprom.c                0x00000000   Number         0  eeprom.o ABSOLUTE
    ..\peripherals\c\ft6x06.c                0x00000000   Number         0  ft6x06.o ABSOLUTE
    ..\peripherals\c\launchpad_io.c          0x00000000   Number         0  launchpad_io.o ABSOLUTE
    ..\peripherals\c\lcd.c                   0x00000000   Number         0  lcd.o ABSOLUTE
    ..\peripherals\c\ps2.c                   0x00000000   Number         0  ps2.o ABSOLUTE
    ..\peripherals\c\serial_debug.c          0x00000000   Number         0  serial_debug.o ABSOLUTE
    ..\peripherals\c\spi_select.c            0x00000000   Number         0  spi_select.o ABSOLUTE
    ..\peripherals\c\ws2812b.s               0x00000000   Number         0  ws2812b.o ABSOLUTE
    RTE\Device\TM4C123GH6PM\startup_TM4C123.s 0x00000000   Number         0  startup_tm4c123.o ABSOLUTE
    RTE\Device\TM4C123GH6PM\system_TM4C123.c 0x00000000   Number         0  system_tm4c123.o ABSOLUTE
    RTE\\Device\\TM4C123GH6PM\\system_TM4C123.c 0x00000000   Number         0  system_tm4c123.o ABSOLUTE
    cdrcmple.s                               0x00000000   Number         0  cdrcmple.o ABSOLUTE
    dc.s                                     0x00000000   Number         0  dc.o ABSOLUTE
    handlers.s                               0x00000000   Number         0  handlers.o ABSOLUTE
    images.c                                 0x00000000   Number         0  images.o ABSOLUTE
    images.c                                 0x00000000   Number         0  images.o ABSOLUTE
    init.s                                   0x00000000   Number         0  init.o ABSOLUTE
    io_expander.c                            0x00000000   Number         0  io_expander.o ABSOLUTE
    io_expander.c                            0x00000000   Number         0  io_expander.o ABSOLUTE
    main.c                                   0x00000000   Number         0  main.o ABSOLUTE
    main.c                                   0x00000000   Number         0  main.o ABSOLUTE
    project_hardware_init.c                  0x00000000   Number         0  project_hardware_init.o ABSOLUTE
    project_hardware_init.c                  0x00000000   Number         0  project_hardware_init.o ABSOLUTE
    project_interrupts.c                     0x00000000   Number         0  project_interrupts.o ABSOLUTE
    project_interrupts.c                     0x00000000   Number         0  project_interrupts.o ABSOLUTE
    .ARM.Collect$$$$00000000                 0x0000026c   Section        0  entry.o(.ARM.Collect$$$$00000000)
    .ARM.Collect$$$$00000001                 0x0000026c   Section        4  entry2.o(.ARM.Collect$$$$00000001)
    .ARM.Collect$$$$00000004                 0x00000270   Section        4  entry5.o(.ARM.Collect$$$$00000004)
    .ARM.Collect$$$$00000008                 0x00000274   Section        0  entry7b.o(.ARM.Collect$$$$00000008)
    .ARM.Collect$$$$0000000A                 0x00000274   Section        0  entry8b.o(.ARM.Collect$$$$0000000A)
    .ARM.Collect$$$$0000000B                 0x00000274   Section        8  entry9a.o(.ARM.Collect$$$$0000000B)
    .ARM.Collect$$$$0000000D                 0x0000027c   Section        0  entry10a.o(.ARM.Collect$$$$0000000D)
    .ARM.Collect$$$$0000000F                 0x0000027c   Section        0  entry11a.o(.ARM.Collect$$$$0000000F)
    .ARM.Collect$$$$00002712                 0x0000027c   Section        4  entry2.o(.ARM.Collect$$$$00002712)
    __lit__00000000                          0x0000027c   Data           4  entry2.o(.ARM.Collect$$$$00002712)
    .text                                    0x00000280   Section        0  main.o(.text)
    .text                                    0x00000a20   Section        0  project_hardware_init.o(.text)
    .text                                    0x00000ab0   Section        0  project_interrupts.o(.text)
    .text                                    0x00000b48   Section        0  io_expander.o(.text)
    .text                                    0x00000c78   Section        0  adc.o(.text)
    .text                                    0x00000d10   Section        0  gpio_port.o(.text)
    verify_base_addr                         0x00000d11   Thumb Code    64  gpio_port.o(.text)
    .text                                    0x00000fb0   Section        0  i2c.o(.text)
    .text                                    0x000011b8   Section        0  pc_buffer.o(.text)
    .text                                    0x00001234   Section        0  timers.o(.text)
    verify_base_addr                         0x00001235   Thumb Code    64  timers.o(.text)
    get_clock_masks                          0x000012bf   Thumb Code   106  timers.o(.text)
    .text                                    0x0000147c   Section        0  uart.o(.text)
    .text                                    0x00001708   Section        0  eeprom.o(.text)
    eeprom_wait_for_write                    0x00001709   Thumb Code    68  eeprom.o(.text)
    .text                                    0x000018c8   Section        0  ft6x06.o(.text)
    ft6x06_set_addr                          0x000018c9   Thumb Code    52  ft6x06.o(.text)
    ft6x06_read_data                         0x000018fd   Thumb Code    52  ft6x06.o(.text)
    .text                                    0x00001abc   Section        0  launchpad_io.o(.text)
    .text                                    0x00001b80   Section        0  lcd.o(.text)
    delayms                                  0x00001b81   Thumb Code    26  lcd.o(.text)
    lcd_write_cmd_u8                         0x00001b9b   Thumb Code    40  lcd.o(.text)
    lcd_write_data_u8                        0x00001bc3   Thumb Code    28  lcd.o(.text)
    .text                                    0x00002084   Section        0  ps2.o(.text)
    initialize_adc_gpio_pins                 0x00002085   Thumb Code    34  ps2.o(.text)
    .text                                    0x000020dc   Section        0  serial_debug.o(.text)
    .text                                    0x000022dc   Section      252  startup_tm4c123.o(.text)
    $v0                                      0x000022dc   Number         0  startup_tm4c123.o(.text)
    .text                                    0x000023d8   Section        0  system_tm4c123.o(.text)
    getOscClk                                0x000023d9   Thumb Code   182  system_tm4c123.o(.text)
    .text                                    0x00002624   Section        0  memcpya.o(.text)
    .text                                    0x00002648   Section        0  strlen.o(.text)
    .text                                    0x00002656   Section        0  uidiv.o(.text)
    .text                                    0x00002684   Section       36  init.o(.text)
    i.__0printf$1                            0x000026a8   Section        0  printf1.o(i.__0printf$1)
    i.__scatterload_copy                     0x000026c8   Section       14  handlers.o(i.__scatterload_copy)
    i.__scatterload_null                     0x000026d6   Section        2  handlers.o(i.__scatterload_null)
    i.__scatterload_zeroinit                 0x000026d8   Section       14  handlers.o(i.__scatterload_zeroinit)
    i._printf_core                           0x000026e8   Section        0  printf1.o(i._printf_core)
    _printf_core                             0x000026e9   Thumb Code   336  printf1.o(i._printf_core)
    i.lcd_write_data_u16                     0x0000283c   Section        0  lcd.o(i.lcd_write_data_u16)
    i.malloc                                 0x00002878   Section        0  malloc.o(i.malloc)
    .constdata                               0x000028e4   Section     2284  images.o(.constdata)
    .data                                    0x20000000   Section       38  main.o(.data)
    score                                    0x20000014   Data           4  main.o(.data)
    numLives                                 0x20000018   Data           4  main.o(.data)
    highscore                                0x2000001c   Data           1  main.o(.data)
    lfsr                                     0x20000024   Data           2  main.o(.data)
    .data                                    0x20000028   Section        4  project_interrupts.o(.data)
    i                                        0x20000028   Data           4  project_interrupts.o(.data)
    .data                                    0x2000002c   Section        2  serial_debug.o(.data)
    Rx_Interrupts_Enabled                    0x2000002c   Data           1  serial_debug.o(.data)
    Tx_Interrupts_Enabled                    0x2000002d   Data           1  serial_debug.o(.data)
    .data                                    0x20000030   Section        4  system_tm4c123.o(.data)
    .data                                    0x20000034   Section        4  stdout.o(.data)
    .data                                    0x20000038   Section        4  mvars.o(.data)
    .data                                    0x2000003c   Section        4  mvars.o(.data)
    .bss                                     0x20000040   Section       28  serial_debug.o(.bss)
    HEAP                                     0x20000060   Section        0  startup_tm4c123.o(HEAP)
    STACK                                    0x20000060   Section      512  startup_tm4c123.o(STACK)

    Global Symbols

    Symbol Name                              Value     Ov Type        Size  Object(Section)

    BuildAttributes$$THM_ISAv4$E$P$D$K$B$S$7EM$VFPi3$EXTD16$VFPS$VFMA$PE$A:L22UL41UL21$X:L11$S22US41US21$IEEE1$IW$USESV6$~STKCKD$USESV7$~SHL$OSPACE$ROPI$EBA8$MICROLIB$REQ8$EABIv2 0x00000000   Number         0  anon$$obj.o ABSOLUTE
    __ARM_use_no_argv                        0x00000000   Number         0  main.o ABSOLUTE
    __Vectors                                0x00000000   Data           4  startup_tm4c123.o(RESET)
    _printf_a                                0x00000000   Number         0  stubs.o ABSOLUTE
    _printf_c                                0x00000000   Number         0  stubs.o ABSOLUTE
    _printf_charcount                        0x00000000   Number         0  stubs.o ABSOLUTE
    _printf_d                                0x00000000   Number         0  stubs.o ABSOLUTE
    _printf_e                                0x00000000   Number         0  stubs.o ABSOLUTE
    _printf_f                                0x00000000   Number         0  stubs.o ABSOLUTE
    _printf_flags                            0x00000000   Number         0  stubs.o ABSOLUTE
    _printf_fp_dec                           0x00000000   Number         0  stubs.o ABSOLUTE
    _printf_fp_hex                           0x00000000   Number         0  stubs.o ABSOLUTE
    _printf_g                                0x00000000   Number         0  stubs.o ABSOLUTE
    _printf_i                                0x00000000   Number         0  stubs.o ABSOLUTE
    _printf_int_dec                          0x00000000   Number         0  stubs.o ABSOLUTE
    _printf_l                                0x00000000   Number         0  stubs.o ABSOLUTE
    _printf_lc                               0x00000000   Number         0  stubs.o ABSOLUTE
    _printf_ll                               0x00000000   Number         0  stubs.o ABSOLUTE
    _printf_lld                              0x00000000   Number         0  stubs.o ABSOLUTE
    _printf_lli                              0x00000000   Number         0  stubs.o ABSOLUTE
    _printf_llo                              0x00000000   Number         0  stubs.o ABSOLUTE
    _printf_llu                              0x00000000   Number         0  stubs.o ABSOLUTE
    _printf_llx                              0x00000000   Number         0  stubs.o ABSOLUTE
    _printf_longlong_dec                     0x00000000   Number         0  stubs.o ABSOLUTE
    _printf_longlong_hex                     0x00000000   Number         0  stubs.o ABSOLUTE
    _printf_longlong_oct                     0x00000000   Number         0  stubs.o ABSOLUTE
    _printf_ls                               0x00000000   Number         0  stubs.o ABSOLUTE
    _printf_mbtowc                           0x00000000   Number         0  stubs.o ABSOLUTE
    _printf_n                                0x00000000   Number         0  stubs.o ABSOLUTE
    _printf_o                                0x00000000   Number         0  stubs.o ABSOLUTE
    _printf_p                                0x00000000   Number         0  stubs.o ABSOLUTE
    _printf_percent                          0x00000000   Number         0  stubs.o ABSOLUTE
    _printf_pre_padding                      0x00000000   Number         0  stubs.o ABSOLUTE
    _printf_return_value                     0x00000000   Number         0  stubs.o ABSOLUTE
    _printf_s                                0x00000000   Number         0  stubs.o ABSOLUTE
    _printf_sizespec                         0x00000000   Number         0  stubs.o ABSOLUTE
    _printf_str                              0x00000000   Number         0  stubs.o ABSOLUTE
    _printf_truncate_signed                  0x00000000   Number         0  stubs.o ABSOLUTE
    _printf_truncate_unsigned                0x00000000   Number         0  stubs.o ABSOLUTE
    _printf_u                                0x00000000   Number         0  stubs.o ABSOLUTE
    _printf_wc                               0x00000000   Number         0  stubs.o ABSOLUTE
    _printf_wctomb                           0x00000000   Number         0  stubs.o ABSOLUTE
    _printf_widthprec                        0x00000000   Number         0  stubs.o ABSOLUTE
    _printf_x                                0x00000000   Number         0  stubs.o ABSOLUTE
    __cpp_initialize__aeabi_                  - Undefined Weak Reference
    __cxa_finalize                            - Undefined Weak Reference
    __decompress                              - Undefined Weak Reference
    _clock_init                               - Undefined Weak Reference
    _microlib_exit                            - Undefined Weak Reference
    __Vectors_End                            0x0000026c   Data           0  startup_tm4c123.o(RESET)
    __Vectors_Size                           0x0000026c   Number         0  startup_tm4c123.o ABSOLUTE
    __main                                   0x0000026d   Thumb Code     0  entry.o(.ARM.Collect$$$$00000000)
    _main_stk                                0x0000026d   Thumb Code     0  entry2.o(.ARM.Collect$$$$00000001)
    _main_scatterload                        0x00000271   Thumb Code     0  entry5.o(.ARM.Collect$$$$00000004)
    __main_after_scatterload                 0x00000275   Thumb Code     0  entry5.o(.ARM.Collect$$$$00000004)
    _main_clock                              0x00000275   Thumb Code     0  entry7b.o(.ARM.Collect$$$$00000008)
    _main_cpp_init                           0x00000275   Thumb Code     0  entry8b.o(.ARM.Collect$$$$0000000A)
    _main_init                               0x00000275   Thumb Code     0  entry9a.o(.ARM.Collect$$$$0000000B)
    __rt_final_cpp                           0x0000027d   Thumb Code     0  entry10a.o(.ARM.Collect$$$$0000000D)
    __rt_final_exit                          0x0000027d   Thumb Code     0  entry11a.o(.ARM.Collect$$$$0000000F)
    DisableInterrupts                        0x00000281   Thumb Code     4  main.o(.text)
    EnableInterrupts                         0x00000285   Thumb Code     4  main.o(.text)
    generate_random_x                        0x00000289   Thumb Code   116  main.o(.text)
    draw_banana                              0x000002fd   Thumb Code    92  main.o(.text)
    draw_apple                               0x00000359   Thumb Code    92  main.o(.text)
    draw_orange                              0x000003b5   Thumb Code    92  main.o(.text)
    explode_fruit                            0x00000411   Thumb Code   160  main.o(.text)
    life_lost                                0x000004b1   Thumb Code    44  main.o(.text)
    check_touch                              0x000004dd   Thumb Code   348  main.o(.text)
    title_screen                             0x00000639   Thumb Code   478  main.o(.text)
    end_screen                               0x00000817   Thumb Code    74  main.o(.text)
    game_main                                0x00000861   Thumb Code   300  main.o(.text)
    main                                     0x0000098d   Thumb Code    12  main.o(.text)
    init_hardware                            0x00000a21   Thumb Code   118  project_hardware_init.o(.text)
    TIMER1A_Handler                          0x00000ab1   Thumb Code    56  project_interrupts.o(.text)
    TIMER2A_Handler                          0x00000ae9   Thumb Code    20  project_interrupts.o(.text)
    TIMER3A_Handler                          0x00000afd   Thumb Code    20  project_interrupts.o(.text)
    TIMER4A_Handler                          0x00000b11   Thumb Code     2  project_interrupts.o(.text)
    TIMER5A_Handler                          0x00000b13   Thumb Code    20  project_interrupts.o(.text)
    io_expander_write_reg                    0x00000b49   Thumb Code    50  io_expander.o(.text)
    io_expander_read_reg                     0x00000b7b   Thumb Code    94  io_expander.o(.text)
    io_expander_init                         0x00000bd9   Thumb Code   156  io_expander.o(.text)
    initialize_adc                           0x00000c79   Thumb Code    82  adc.o(.text)
    get_adc_value                            0x00000ccb   Thumb Code    58  adc.o(.text)
    gpio_get_irq_num                         0x00000d51   Thumb Code    74  gpio_port.o(.text)
    gpio_enable_port                         0x00000d9b   Thumb Code   168  gpio_port.o(.text)
    gpio_config_digital_enable               0x00000e43   Thumb Code    34  gpio_port.o(.text)
    gpio_config_enable_output                0x00000e65   Thumb Code    34  gpio_port.o(.text)
    gpio_config_enable_input                 0x00000e87   Thumb Code    34  gpio_port.o(.text)
    gpio_config_enable_pullup                0x00000ea9   Thumb Code    34  gpio_port.o(.text)
    gpio_config_enable_pulldown              0x00000ecb   Thumb Code    34  gpio_port.o(.text)
    gpio_config_analog_enable                0x00000eed   Thumb Code    34  gpio_port.o(.text)
    gpio_config_alternate_function           0x00000f0f   Thumb Code    34  gpio_port.o(.text)
    gpio_config_port_control                 0x00000f31   Thumb Code    54  gpio_port.o(.text)
    gpio_config_open_drain                   0x00000f67   Thumb Code    34  gpio_port.o(.text)
    gpio_config_falling_edge_irq             0x00000f89   Thumb Code     6  gpio_port.o(.text)
    initializeI2CMaster                      0x00000fb1   Thumb Code   160  i2c.o(.text)
    i2cVerifyBaseAddr                        0x00001051   Thumb Code    36  i2c.o(.text)
    i2cSetSlaveAddr                          0x00001075   Thumb Code    30  i2c.o(.text)
    i2cStop                                  0x00001093   Thumb Code    26  i2c.o(.text)
    I2CMasterBusy                            0x000010ad   Thumb Code    34  i2c.o(.text)
    I2CMasterAdrAck                          0x000010cf   Thumb Code    34  i2c.o(.text)
    I2CMasterDatAck                          0x000010f1   Thumb Code    34  i2c.o(.text)
    i2cSendByte                              0x00001113   Thumb Code    82  i2c.o(.text)
    i2cGetByte                               0x00001165   Thumb Code    60  i2c.o(.text)
    pc_buffer_init                           0x000011b9   Thumb Code    26  pc_buffer.o(.text)
    pc_buffer_add                            0x000011d3   Thumb Code    28  pc_buffer.o(.text)
    pc_buffer_remove                         0x000011ef   Thumb Code    30  pc_buffer.o(.text)
    pc_buffer_empty                          0x0000120d   Thumb Code    18  pc_buffer.o(.text)
    pc_buffer_full                           0x0000121f   Thumb Code    22  pc_buffer.o(.text)
    timer_get_irq_num                        0x00001275   Thumb Code    74  timers.o(.text)
    gp_timer_wait                            0x00001329   Thumb Code    64  timers.o(.text)
    gp_timer_config_32                       0x00001369   Thumb Code   252  timers.o(.text)
    verify_uart_base                         0x0000147d   Thumb Code    54  uart.o(.text)
    uart_get_rcgc_mask                       0x000014b3   Thumb Code    68  uart.o(.text)
    uart_get_pr_mask                         0x000014f7   Thumb Code    68  uart.o(.text)
    uart_get_irq_num                         0x0000153b   Thumb Code    68  uart.o(.text)
    uart_tx_poll                             0x0000157f   Thumb Code    38  uart.o(.text)
    uart_tx_poll_string                      0x000015a5   Thumb Code    50  uart.o(.text)
    uart_rx_poll                             0x000015d7   Thumb Code    70  uart.o(.text)
    uart_init                                0x0000161d   Thumb Code   218  uart.o(.text)
    eeprom_byte_write                        0x0000174d   Thumb Code   100  eeprom.o(.text)
    eeprom_byte_read                         0x000017b1   Thumb Code   118  eeprom.o(.text)
    eeprom_init                              0x00001827   Thumb Code   156  eeprom.o(.text)
    ft6x06_read_td_status                    0x00001931   Thumb Code    36  ft6x06.o(.text)
    ft6x06_read_x                            0x00001955   Thumb Code    98  ft6x06.o(.text)
    ft6x06_read_y                            0x000019b7   Thumb Code   100  ft6x06.o(.text)
    ft6x06_init                              0x00001a1b   Thumb Code   156  ft6x06.o(.text)
    lp_io_set_pin                            0x00001abd   Thumb Code    18  launchpad_io.o(.text)
    lp_io_clear_pin                          0x00001acf   Thumb Code    18  launchpad_io.o(.text)
    lp_io_read_pin                           0x00001ae1   Thumb Code    22  launchpad_io.o(.text)
    lp_io_init                               0x00001af7   Thumb Code   112  launchpad_io.o(.text)
    lcd_set_pos                              0x00001bdf   Thumb Code    58  lcd.o(.text)
    lcd_clear_screen                         0x00001c19   Thumb Code    52  lcd.o(.text)
    lcd_draw_image                           0x00001c4d   Thumb Code   242  lcd.o(.text)
    lcd_config_gpio                          0x00001d3f   Thumb Code   188  lcd.o(.text)
    lcd_config_screen                        0x00001dfb   Thumb Code   568  lcd.o(.text)
    lcd_draw_rectangle                       0x00002033   Thumb Code    82  lcd.o(.text)
    ps2_initialize                           0x000020a7   Thumb Code    14  ps2.o(.text)
    ps2_get_x                                0x000020b5   Thumb Code    16  ps2.o(.text)
    ps2_get_y                                0x000020c5   Thumb Code    16  ps2.o(.text)
    init_serial_debug                        0x000020dd   Thumb Code    88  serial_debug.o(.text)
    serial_debug_rx                          0x00002135   Thumb Code    46  serial_debug.o(.text)
    serial_debug_tx                          0x00002163   Thumb Code    84  serial_debug.o(.text)
    fputc                                    0x000021b7   Thumb Code    66  serial_debug.o(.text)
    fgetc                                    0x000021f9   Thumb Code    50  serial_debug.o(.text)
    UART0_Handler                            0x0000222b   Thumb Code   152  serial_debug.o(.text)
    Reset_Handler                            0x000022dd   Thumb Code     8  startup_tm4c123.o(.text)
    NMI_Handler                              0x000022e5   Thumb Code     2  startup_tm4c123.o(.text)
    HardFault_Handler                        0x000022e7   Thumb Code     2  startup_tm4c123.o(.text)
    MemManage_Handler                        0x000022e9   Thumb Code     2  startup_tm4c123.o(.text)
    BusFault_Handler                         0x000022eb   Thumb Code     2  startup_tm4c123.o(.text)
    UsageFault_Handler                       0x000022ed   Thumb Code     2  startup_tm4c123.o(.text)
    SVC_Handler                              0x000022ef   Thumb Code     2  startup_tm4c123.o(.text)
    DebugMon_Handler                         0x000022f1   Thumb Code     2  startup_tm4c123.o(.text)
    PendSV_Handler                           0x000022f3   Thumb Code     2  startup_tm4c123.o(.text)
    SysTick_Handler                          0x000022f5   Thumb Code     2  startup_tm4c123.o(.text)
    GPIOA_Handler                            0x000022f7   Thumb Code     2  startup_tm4c123.o(.text)
    GPIOB_Handler                            0x000022f9   Thumb Code     2  startup_tm4c123.o(.text)
    GPIOC_Handler                            0x000022fb   Thumb Code     2  startup_tm4c123.o(.text)
    GPIOD_Handler                            0x000022fd   Thumb Code     2  startup_tm4c123.o(.text)
    GPIOE_Handler                            0x000022ff   Thumb Code     2  startup_tm4c123.o(.text)
    UART1_Handler                            0x00002303   Thumb Code     2  startup_tm4c123.o(.text)
    SSI0_Handler                             0x00002305   Thumb Code     2  startup_tm4c123.o(.text)
    I2C0_Handler                             0x00002307   Thumb Code     2  startup_tm4c123.o(.text)
    PMW0_FAULT_Handler                       0x00002309   Thumb Code     2  startup_tm4c123.o(.text)
    PWM0_0_Handler                           0x0000230b   Thumb Code     2  startup_tm4c123.o(.text)
    PWM0_1_Handler                           0x0000230d   Thumb Code     2  startup_tm4c123.o(.text)
    PWM0_2_Handler                           0x0000230f   Thumb Code     2  startup_tm4c123.o(.text)
    QEI0_Handler                             0x00002311   Thumb Code     2  startup_tm4c123.o(.text)
    ADC0SS0_Handler                          0x00002313   Thumb Code     2  startup_tm4c123.o(.text)
    ADC0SS1_Handler                          0x00002315   Thumb Code     2  startup_tm4c123.o(.text)
    ADC0SS2_Handler                          0x00002317   Thumb Code     2  startup_tm4c123.o(.text)
    ADC0SS3_Handler                          0x00002319   Thumb Code     2  startup_tm4c123.o(.text)
    WDT0_Handler                             0x0000231b   Thumb Code     2  startup_tm4c123.o(.text)
    TIMER0A_Handler                          0x0000231d   Thumb Code     2  startup_tm4c123.o(.text)
    TIMER0B_Handler                          0x0000231f   Thumb Code     2  startup_tm4c123.o(.text)
    TIMER1B_Handler                          0x00002323   Thumb Code     2  startup_tm4c123.o(.text)
    TIMER2B_Handler                          0x00002327   Thumb Code     2  startup_tm4c123.o(.text)
    COMP0_Handler                            0x00002329   Thumb Code     2  startup_tm4c123.o(.text)
    COMP1_Handler                            0x0000232b   Thumb Code     2  startup_tm4c123.o(.text)
    COMP2_Handler                            0x0000232d   Thumb Code     2  startup_tm4c123.o(.text)
    SYSCTL_Handler                           0x0000232f   Thumb Code     2  startup_tm4c123.o(.text)
    FLASH_Handler                            0x00002331   Thumb Code     2  startup_tm4c123.o(.text)
    GPIOF_Handler                            0x00002333   Thumb Code     2  startup_tm4c123.o(.text)
    GPIOG_Handler                            0x00002335   Thumb Code     2  startup_tm4c123.o(.text)
    GPIOH_Handler                            0x00002337   Thumb Code     2  startup_tm4c123.o(.text)
    UART2_Handler                            0x00002339   Thumb Code     2  startup_tm4c123.o(.text)
    SSI1_Handler                             0x0000233b   Thumb Code     2  startup_tm4c123.o(.text)
    TIMER3B_Handler                          0x0000233f   Thumb Code     2  startup_tm4c123.o(.text)
    I2C1_Handler                             0x00002341   Thumb Code     2  startup_tm4c123.o(.text)
    QEI1_Handler                             0x00002343   Thumb Code     2  startup_tm4c123.o(.text)
    CAN0_Handler                             0x00002345   Thumb Code     2  startup_tm4c123.o(.text)
    CAN1_Handler                             0x00002347   Thumb Code     2  startup_tm4c123.o(.text)
    CAN2_Handler                             0x00002349   Thumb Code     2  startup_tm4c123.o(.text)
    HIB_Handler                              0x0000234b   Thumb Code     2  startup_tm4c123.o(.text)
    USB0_Handler                             0x0000234d   Thumb Code     2  startup_tm4c123.o(.text)
    PWM0_3_Handler                           0x0000234f   Thumb Code     2  startup_tm4c123.o(.text)
    UDMA_Handler                             0x00002351   Thumb Code     2  startup_tm4c123.o(.text)
    UDMAERR_Handler                          0x00002353   Thumb Code     2  startup_tm4c123.o(.text)
    ADC1SS0_Handler                          0x00002355   Thumb Code     2  startup_tm4c123.o(.text)
    ADC1SS1_Handler                          0x00002357   Thumb Code     2  startup_tm4c123.o(.text)
    ADC1SS2_Handler                          0x00002359   Thumb Code     2  startup_tm4c123.o(.text)
    ADC1SS3_Handler                          0x0000235b   Thumb Code     2  startup_tm4c123.o(.text)
    GPIOJ_Handler                            0x0000235d   Thumb Code     2  startup_tm4c123.o(.text)
    GPIOK_Handler                            0x0000235f   Thumb Code     2  startup_tm4c123.o(.text)
    GPIOL_Handler                            0x00002361   Thumb Code     2  startup_tm4c123.o(.text)
    SSI2_Handler                             0x00002363   Thumb Code     2  startup_tm4c123.o(.text)
    SSI3_Handler                             0x00002365   Thumb Code     2  startup_tm4c123.o(.text)
    UART3_Handler                            0x00002367   Thumb Code     2  startup_tm4c123.o(.text)
    UART4_Handler                            0x00002369   Thumb Code     2  startup_tm4c123.o(.text)
    UART5_Handler                            0x0000236b   Thumb Code     2  startup_tm4c123.o(.text)
    UART6_Handler                            0x0000236d   Thumb Code     2  startup_tm4c123.o(.text)
    UART7_Handler                            0x0000236f   Thumb Code     2  startup_tm4c123.o(.text)
    I2C2_Handler                             0x00002371   Thumb Code     2  startup_tm4c123.o(.text)
    I2C3_Handler                             0x00002373   Thumb Code     2  startup_tm4c123.o(.text)
    TIMER4B_Handler                          0x00002377   Thumb Code     2  startup_tm4c123.o(.text)
    TIMER5B_Handler                          0x0000237b   Thumb Code     2  startup_tm4c123.o(.text)
    WTIMER0A_Handler                         0x0000237d   Thumb Code     2  startup_tm4c123.o(.text)
    WTIMER0B_Handler                         0x0000237f   Thumb Code     2  startup_tm4c123.o(.text)
    WTIMER1A_Handler                         0x00002381   Thumb Code     2  startup_tm4c123.o(.text)
    WTIMER1B_Handler                         0x00002383   Thumb Code     2  startup_tm4c123.o(.text)
    WTIMER2A_Handler                         0x00002385   Thumb Code     2  startup_tm4c123.o(.text)
    WTIMER2B_Handler                         0x00002387   Thumb Code     2  startup_tm4c123.o(.text)
    WTIMER3A_Handler                         0x00002389   Thumb Code     2  startup_tm4c123.o(.text)
    WTIMER3B_Handler                         0x0000238b   Thumb Code     2  startup_tm4c123.o(.text)
    WTIMER4A_Handler                         0x0000238d   Thumb Code     2  startup_tm4c123.o(.text)
    WTIMER4B_Handler                         0x0000238f   Thumb Code     2  startup_tm4c123.o(.text)
    WTIMER5A_Handler                         0x00002391   Thumb Code     2  startup_tm4c123.o(.text)
    WTIMER5B_Handler                         0x00002393   Thumb Code     2  startup_tm4c123.o(.text)
    FPU_Handler                              0x00002395   Thumb Code     2  startup_tm4c123.o(.text)
    I2C4_Handler                             0x00002397   Thumb Code     2  startup_tm4c123.o(.text)
    I2C5_Handler                             0x00002399   Thumb Code     2  startup_tm4c123.o(.text)
    GPIOM_Handler                            0x0000239b   Thumb Code     2  startup_tm4c123.o(.text)
    GPION_Handler                            0x0000239d   Thumb Code     2  startup_tm4c123.o(.text)
    QEI2_Handler                             0x0000239f   Thumb Code     2  startup_tm4c123.o(.text)
    GPIOP0_Handler                           0x000023a1   Thumb Code     2  startup_tm4c123.o(.text)
    GPIOP1_Handler                           0x000023a3   Thumb Code     2  startup_tm4c123.o(.text)
    GPIOP2_Handler                           0x000023a5   Thumb Code     2  startup_tm4c123.o(.text)
    GPIOP3_Handler                           0x000023a7   Thumb Code     2  startup_tm4c123.o(.text)
    GPIOP4_Handler                           0x000023a9   Thumb Code     2  startup_tm4c123.o(.text)
    GPIOP5_Handler                           0x000023ab   Thumb Code     2  startup_tm4c123.o(.text)
    GPIOP6_Handler                           0x000023ad   Thumb Code     2  startup_tm4c123.o(.text)
    GPIOP7_Handler                           0x000023af   Thumb Code     2  startup_tm4c123.o(.text)
    GPIOQ0_Handler                           0x000023b1   Thumb Code     2  startup_tm4c123.o(.text)
    GPIOQ1_Handler                           0x000023b3   Thumb Code     2  startup_tm4c123.o(.text)
    GPIOQ2_Handler                           0x000023b5   Thumb Code     2  startup_tm4c123.o(.text)
    GPIOQ3_Handler                           0x000023b7   Thumb Code     2  startup_tm4c123.o(.text)
    GPIOQ4_Handler                           0x000023b9   Thumb Code     2  startup_tm4c123.o(.text)
    GPIOQ5_Handler                           0x000023bb   Thumb Code     2  startup_tm4c123.o(.text)
    GPIOQ6_Handler                           0x000023bd   Thumb Code     2  startup_tm4c123.o(.text)
    GPIOQ7_Handler                           0x000023bf   Thumb Code     2  startup_tm4c123.o(.text)
    GPIOR_Handler                            0x000023c1   Thumb Code     2  startup_tm4c123.o(.text)
    GPIOS_Handler                            0x000023c3   Thumb Code     2  startup_tm4c123.o(.text)
    PMW1_0_Handler                           0x000023c5   Thumb Code     2  startup_tm4c123.o(.text)
    PWM1_1_Handler                           0x000023c7   Thumb Code     2  startup_tm4c123.o(.text)
    PWM1_2_Handler                           0x000023c9   Thumb Code     2  startup_tm4c123.o(.text)
    PWM1_3_Handler                           0x000023cb   Thumb Code     2  startup_tm4c123.o(.text)
    PWM1_FAULT_Handler                       0x000023cd   Thumb Code     2  startup_tm4c123.o(.text)
    SystemCoreClockUpdate                    0x0000248f   Thumb Code   184  system_tm4c123.o(.text)
    SystemInit                               0x00002547   Thumb Code   112  system_tm4c123.o(.text)
    __aeabi_memcpy                           0x00002625   Thumb Code    36  memcpya.o(.text)
    __aeabi_memcpy4                          0x00002625   Thumb Code     0  memcpya.o(.text)
    __aeabi_memcpy8                          0x00002625   Thumb Code     0  memcpya.o(.text)
    strlen                                   0x00002649   Thumb Code    14  strlen.o(.text)
    __aeabi_uidiv                            0x00002657   Thumb Code     0  uidiv.o(.text)
    __aeabi_uidivmod                         0x00002657   Thumb Code    44  uidiv.o(.text)
    __scatterload                            0x00002685   Thumb Code    28  init.o(.text)
    __scatterload_rt2                        0x00002685   Thumb Code     0  init.o(.text)
    __0printf$1                              0x000026a9   Thumb Code    22  printf1.o(i.__0printf$1)
    __1printf$1                              0x000026a9   Thumb Code     0  printf1.o(i.__0printf$1)
    __2printf                                0x000026a9   Thumb Code     0  printf1.o(i.__0printf$1)
    __scatterload_copy                       0x000026c9   Thumb Code    14  handlers.o(i.__scatterload_copy)
    __scatterload_null                       0x000026d7   Thumb Code     2  handlers.o(i.__scatterload_null)
    __scatterload_zeroinit                   0x000026d9   Thumb Code    14  handlers.o(i.__scatterload_zeroinit)
    lcd_write_data_u16                       0x0000283d   Thumb Code    48  lcd.o(i.lcd_write_data_u16)
    malloc                                   0x00002879   Thumb Code    92  malloc.o(i.malloc)
    explosionBitmaps                         0x000028e4   Data         440  images.o(.constdata)
    explosionWidthPixels                     0x00002a9c   Data           1  images.o(.constdata)
    explosionHeightPixels                    0x00002a9d   Data           1  images.o(.constdata)
    orangeBitmaps                            0x00002a9e   Data         378  images.o(.constdata)
    orangeWidthPixels                        0x00002c18   Data           1  images.o(.constdata)
    orangeHeightPixels                       0x00002c19   Data           1  images.o(.constdata)
    bananaBitmaps                            0x00002c1a   Data         392  images.o(.constdata)
    bananaWidthPixels                        0x00002da2   Data           1  images.o(.constdata)
    bananaHeightPixels                       0x00002da3   Data           1  images.o(.constdata)
    appleBitmaps                             0x00002da4   Data         330  images.o(.constdata)
    appleWidthPixels                         0x00002eee   Data           1  images.o(.constdata)
    appleHeightPixels                        0x00002eef   Data           1  images.o(.constdata)
    vinerHandITC_14ptBitmaps                 0x00002ef0   Data         630  images.o(.constdata)
    vinerHandITC_14ptDescriptors             0x00003166   Data          92  images.o(.constdata)
    vinerHandITC_14ptFontInfo                0x000031c4   Data          12  images.o(.constdata)
    Region$$Table$$Base                      0x000031d0   Number         0  anon$$obj.o(Region$$Table)
    Region$$Table$$Limit                     0x000031f0   Number         0  anon$$obj.o(Region$$Table)
    BANANA_X_COORD                           0x20000000   Data           2  main.o(.data)
    BANANA_Y_COORD                           0x20000002   Data           2  main.o(.data)
    APPLE_X_COORD                            0x20000004   Data           2  main.o(.data)
    APPLE_Y_COORD                            0x20000006   Data           2  main.o(.data)
    ORANGE_X_COORD                           0x20000008   Data           2  main.o(.data)
    ORANGE_Y_COORD                           0x2000000a   Data           2  main.o(.data)
    ALERT_APPLE                              0x2000000c   Data           1  main.o(.data)
    ALERT_BANANA                             0x2000000d   Data           1  main.o(.data)
    ALERT_ORANGE                             0x2000000e   Data           1  main.o(.data)
    APPLE_PRESENT                            0x2000000f   Data           1  main.o(.data)
    BANANA_PRESENT                           0x20000010   Data           1  main.o(.data)
    ORANGE_PRESENT                           0x20000011   Data           1  main.o(.data)
    pixel_inc                                0x20000020   Data           4  main.o(.data)
    SystemCoreClock                          0x20000030   Data           4  system_tm4c123.o(.data)
    __stdout                                 0x20000034   Data           4  stdout.o(.data)
    __microlib_freelist                      0x20000038   Data           4  mvars.o(.data)
    __microlib_freelist_initialised          0x2000003c   Data           4  mvars.o(.data)
    UART0_Tx_Buffer                          0x20000040   Data          14  serial_debug.o(.bss)
    UART0_Rx_Buffer                          0x2000004e   Data          14  serial_debug.o(.bss)
    __heap_base                              0x20000060   Data           0  startup_tm4c123.o(HEAP)
    __heap_limit                             0x20000060   Data           0  startup_tm4c123.o(HEAP)
    __initial_sp                             0x20000260   Data           0  startup_tm4c123.o(STACK)



==============================================================================

Memory Map of the image

  Image Entry point : 0x000022dd

  Load Region LR_1 (Base: 0x00000000, Size: 0x00003230, Max: 0xffffffff, ABSOLUTE)

    Execution Region ER_RO (Exec base: 0x00000000, Load base: 0x00000000, Size: 0x000031f0, Max: 0xffffffff, ABSOLUTE)

    Exec Addr    Load Addr    Size         Type   Attr      Idx    E Section Name        Object

    0x00000000   0x00000000   0x0000026c   Data   RO          668    RESET               startup_tm4c123.o
    0x0000026c   0x0000026c   0x00000000   Code   RO          703  * .ARM.Collect$$$$00000000  mc_w.l(entry.o)
    0x0000026c   0x0000026c   0x00000004   Code   RO         1002    .ARM.Collect$$$$00000001  mc_w.l(entry2.o)
    0x00000270   0x00000270   0x00000004   Code   RO         1005    .ARM.Collect$$$$00000004  mc_w.l(entry5.o)
    0x00000274   0x00000274   0x00000000   Code   RO         1007    .ARM.Collect$$$$00000008  mc_w.l(entry7b.o)
    0x00000274   0x00000274   0x00000000   Code   RO         1009    .ARM.Collect$$$$0000000A  mc_w.l(entry8b.o)
    0x00000274   0x00000274   0x00000008   Code   RO         1010    .ARM.Collect$$$$0000000B  mc_w.l(entry9a.o)
    0x0000027c   0x0000027c   0x00000000   Code   RO         1012    .ARM.Collect$$$$0000000D  mc_w.l(entry10a.o)
    0x0000027c   0x0000027c   0x00000000   Code   RO         1014    .ARM.Collect$$$$0000000F  mc_w.l(entry11a.o)
    0x0000027c   0x0000027c   0x00000004   Code   RO         1003    .ARM.Collect$$$$00002712  mc_w.l(entry2.o)
    0x00000280   0x00000280   0x000007a0   Code   RO            4    .text               main.o
    0x00000a20   0x00000a20   0x00000090   Code   RO          139    .text               project_hardware_init.o
    0x00000ab0   0x00000ab0   0x00000098   Code   RO          167    .text               project_interrupts.o
    0x00000b48   0x00000b48   0x00000130   Code   RO          217    .text               io_expander.o
    0x00000c78   0x00000c78   0x00000098   Code   RO          248    .text               adc.o
    0x00000d10   0x00000d10   0x000002a0   Code   RO          276    .text               gpio_port.o
    0x00000fb0   0x00000fb0   0x00000208   Code   RO          300    .text               i2c.o
    0x000011b8   0x000011b8   0x0000007c   Code   RO          321    .text               pc_buffer.o
    0x00001234   0x00001234   0x00000248   Code   RO          366    .text               timers.o
    0x0000147c   0x0000147c   0x0000028c   Code   RO          394    .text               uart.o
    0x00001708   0x00001708   0x000001c0   Code   RO          479    .text               eeprom.o
    0x000018c8   0x000018c8   0x000001f4   Code   RO          503    .text               ft6x06.o
    0x00001abc   0x00001abc   0x000000c4   Code   RO          527    .text               launchpad_io.o
    0x00001b80   0x00001b80   0x00000504   Code   RO          551    .text               lcd.o
    0x00002084   0x00002084   0x00000058   Code   RO          581    .text               ps2.o
    0x000020dc   0x000020dc   0x00000200   Code   RO          605    .text               serial_debug.o
    0x000022dc   0x000022dc   0x000000fc   Code   RO          669  * .text               startup_tm4c123.o
    0x000023d8   0x000023d8   0x0000024c   Code   RO          676    .text               system_tm4c123.o
    0x00002624   0x00002624   0x00000024   Code   RO          707    .text               mc_w.l(memcpya.o)
    0x00002648   0x00002648   0x0000000e   Code   RO          709    .text               mc_w.l(strlen.o)
    0x00002656   0x00002656   0x0000002c   Code   RO         1016    .text               mc_w.l(uidiv.o)
    0x00002682   0x00002682   0x00000002   PAD
    0x00002684   0x00002684   0x00000024   Code   RO         1033    .text               mc_w.l(init.o)
    0x000026a8   0x000026a8   0x00000020   Code   RO          758    i.__0printf$1       mc_w.l(printf1.o)
    0x000026c8   0x000026c8   0x0000000e   Code   RO         1045    i.__scatterload_copy  mc_w.l(handlers.o)
    0x000026d6   0x000026d6   0x00000002   Code   RO         1046    i.__scatterload_null  mc_w.l(handlers.o)
    0x000026d8   0x000026d8   0x0000000e   Code   RO         1047    i.__scatterload_zeroinit  mc_w.l(handlers.o)
    0x000026e6   0x000026e6   0x00000002   PAD
    0x000026e8   0x000026e8   0x00000154   Code   RO          765    i._printf_core      mc_w.l(printf1.o)
    0x0000283c   0x0000283c   0x0000003c   Code   RO          569    i.lcd_write_data_u16  lcd.o
    0x00002878   0x00002878   0x0000006c   Code   RO          975    i.malloc            mc_w.l(malloc.o)
    0x000028e4   0x000028e4   0x000008ec   Data   RO          192    .constdata          images.o
    0x000031d0   0x000031d0   0x00000020   Data   RO         1043    Region$$Table       anon$$obj.o


    Execution Region ER_RW (Exec base: 0x20000000, Load base: 0x000031f0, Size: 0x00000040, Max: 0xffffffff, ABSOLUTE)

    Exec Addr    Load Addr    Size         Type   Attr      Idx    E Section Name        Object

    0x20000000   0x000031f0   0x00000026   Data   RW            5    .data               main.o
    0x20000026   0x00003216   0x00000002   PAD
    0x20000028   0x00003218   0x00000004   Data   RW          168    .data               project_interrupts.o
    0x2000002c   0x0000321c   0x00000002   Data   RW          607    .data               serial_debug.o
    0x2000002e   0x0000321e   0x00000002   PAD
    0x20000030   0x00003220   0x00000004   Data   RW          677    .data               system_tm4c123.o
    0x20000034   0x00003224   0x00000004   Data   RW          706    .data               mc_w.l(stdout.o)
    0x20000038   0x00003228   0x00000004   Data   RW         1020    .data               mc_w.l(mvars.o)
    0x2000003c   0x0000322c   0x00000004   Data   RW         1021    .data               mc_w.l(mvars.o)


    Execution Region ER_ZI (Exec base: 0x20000040, Load base: 0x00003230, Size: 0x00000220, Max: 0xffffffff, ABSOLUTE)

    Exec Addr    Load Addr    Size         Type   Attr      Idx    E Section Name        Object

    0x20000040        -       0x0000001c   Zero   RW          606    .bss                serial_debug.o
    0x2000005c   0x00003230   0x00000004   PAD
    0x20000060        -       0x00000000   Zero   RW          667    HEAP                startup_tm4c123.o
    0x20000060        -       0x00000200   Zero   RW          666    STACK               startup_tm4c123.o


==============================================================================

Image component sizes


      Code (inc. data)   RO Data    RW Data    ZI Data      Debug   Object Name

       152         12          0          0          0       1519   adc.o
       448          6          0          0          0       2201   eeprom.o
       500          6          0          0          0       2376   ft6x06.o
       672         34          0          0          0       5162   gpio_port.o
       520         24          0          0          0       3741   i2c.o
         0          0       2284          0          0       2034   images.o
       304          4          0          0          0       1258   io_expander.o
       196         26          0          0          0       1882   launchpad_io.o
      1344         30          0          0          0       4376   lcd.o
      1952        344          0         38          0      32387   main.o
       124          0          0          0          0       2007   pc_buffer.o
       144         26          0          0          0        576   project_hardware_init.o
       152         34          0          4          0       1170   project_interrupts.o
        88          8          0          0          0        965   ps2.o
       512         26          0          2         28       5793   serial_debug.o
       252         10        620          0        512       5472   startup_tm4c123.o
       588        134          0          4          0       1621   system_tm4c123.o
       584         24          0          0          0      32928   timers.o
       652         50          0          0          0       3552   uart.o

    ----------------------------------------------------------------------
      9184        798       2936         52        544     111020   Object Totals
         0          0         32          0          0          0   (incl. Generated)
         0          0          0          4          4          0   (incl. Padding)

    ----------------------------------------------------------------------

      Code (inc. data)   RO Data    RW Data    ZI Data      Debug   Library Member Name

         0          0          0          0          0          0   entry.o
         0          0          0          0          0          0   entry10a.o
         0          0          0          0          0          0   entry11a.o
         8          4          0          0          0          0   entry2.o
         4          0          0          0          0          0   entry5.o
         0          0          0          0          0          0   entry7b.o
         0          0          0          0          0          0   entry8b.o
         8          4          0          0          0          0   entry9a.o
        30          0          0          0          0          0   handlers.o
        36          8          0          0          0         68   init.o
       108         16          0          0          0         84   malloc.o
        36          0          0          0          0         68   memcpya.o
         0          0          0          8          0          0   mvars.o
       372         14          0          0          0        184   printf1.o
         0          0          0          4          0          0   stdout.o
        14          0          0          0          0         68   strlen.o
        44          0          0          0          0         80   uidiv.o

    ----------------------------------------------------------------------
       664         46          0         12          0        552   Library Totals
         4          0          0          0          0          0   (incl. Padding)

    ----------------------------------------------------------------------

      Code (inc. data)   RO Data    RW Data    ZI Data      Debug   Library Name

       660         46          0         12          0        552   mc_w.l

    ----------------------------------------------------------------------
       664         46          0         12          0        552   Library Totals

    ----------------------------------------------------------------------

==============================================================================


      Code (inc. data)   RO Data    RW Data    ZI Data      Debug   

      9848        844       2936         64        544     109220   Grand Totals
      9848        844       2936         64        544     109220   ELF Image Totals
      9848        844       2936         64          0          0   ROM Totals

==============================================================================

    Total RO  Size (Code + RO Data)                12784 (  12.48kB)
    Total RW  Size (RW Data + ZI Data)               608 (   0.59kB)
    Total ROM Size (Code + RO Data + RW Data)      12848 (  12.55kB)

==============================================================================

